// Vitest Snapshot v1, https://vitest.dev/guide/snapshot.html

exports[`run migrations > createSchemaSQL 1`] = `
"pragma foreign_keys = off;

create table \`user\` (\`id\` text not null, \`name\` text null, \`email\` text null default '', \`email_verified\` datetime null, \`image\` text null, primary key (\`id\`));
create unique index \`user_email_unique\` on \`user\` (\`email\`);

create table \`session\` (\`id\` text not null, \`user_id\` text not null, \`expires\` datetime not null, \`session_token\` text not null, constraint \`session_user_id_foreign\` foreign key(\`user_id\`) references \`user\`(\`id\`) on delete cascade on update cascade, primary key (\`id\`));
create index \`session_user_id_index\` on \`session\` (\`user_id\`);
create unique index \`session_session_token_unique\` on \`session\` (\`session_token\`);

create table \`account\` (\`id\` text not null, \`user_id\` text not null, \`type\` text not null, \`provider\` text not null, \`provider_account_id\` text not null, \`refresh_token\` text null, \`access_token\` text null, \`expires_at\` integer null, \`token_type\` text null, \`scope\` text null, \`id_token\` text null, \`session_state\` text null, constraint \`account_user_id_foreign\` foreign key(\`user_id\`) references \`user\`(\`id\`) on delete cascade on update cascade, primary key (\`id\`));
create index \`account_user_id_index\` on \`account\` (\`user_id\`);
create unique index \`account_provider_provider_account_id_unique\` on \`account\` (\`provider\`, \`provider_account_id\`);

create table \`verification_token\` (\`token\` text not null, \`expires\` datetime not null, \`identifier\` text not null, primary key (\`token\`));
create unique index \`verification_token_token_identifier_unique\` on \`verification_token\` (\`token\`, \`identifier\`);

pragma foreign_keys = on;
"
`;

exports[`run migrations > targetSchema 1`] = `
{
  "name": undefined,
  "namespaces": [],
  "tables": [
    {
      "checks": [],
      "columns": {
        "email": {
          "autoincrement": false,
          "comment": undefined,
          "default": "''",
          "enumItems": undefined,
          "extra": undefined,
          "ignoreSchemaChanges": undefined,
          "length": undefined,
          "mappedType": "text",
          "name": "email",
          "nullable": true,
          "precision": undefined,
          "primary": false,
          "scale": undefined,
          "type": "text",
          "unsigned": false,
        },
        "email_verified": {
          "autoincrement": false,
          "comment": undefined,
          "default": undefined,
          "enumItems": undefined,
          "extra": undefined,
          "ignoreSchemaChanges": undefined,
          "length": 0,
          "mappedType": "datetime",
          "name": "email_verified",
          "nullable": true,
          "precision": undefined,
          "primary": false,
          "scale": undefined,
          "type": "datetime",
          "unsigned": false,
        },
        "id": {
          "autoincrement": false,
          "comment": undefined,
          "default": undefined,
          "enumItems": undefined,
          "extra": undefined,
          "ignoreSchemaChanges": undefined,
          "length": undefined,
          "mappedType": "text",
          "name": "id",
          "nullable": false,
          "precision": undefined,
          "primary": false,
          "scale": undefined,
          "type": "text",
          "unsigned": false,
        },
        "image": {
          "autoincrement": false,
          "comment": undefined,
          "default": undefined,
          "enumItems": undefined,
          "extra": undefined,
          "ignoreSchemaChanges": undefined,
          "length": undefined,
          "mappedType": "text",
          "name": "image",
          "nullable": true,
          "precision": undefined,
          "primary": false,
          "scale": undefined,
          "type": "text",
          "unsigned": false,
        },
        "name": {
          "autoincrement": false,
          "comment": undefined,
          "default": undefined,
          "enumItems": undefined,
          "extra": undefined,
          "ignoreSchemaChanges": undefined,
          "length": undefined,
          "mappedType": "text",
          "name": "name",
          "nullable": true,
          "precision": undefined,
          "primary": false,
          "scale": undefined,
          "type": "text",
          "unsigned": false,
        },
      },
      "comment": undefined,
      "foreignKeys": {},
      "indexes": [
        {
          "columnNames": [
            "email",
          ],
          "composite": false,
          "keyName": "user_email_unique",
          "primary": false,
          "unique": true,
        },
        {
          "columnNames": [
            "id",
          ],
          "composite": false,
          "expression": undefined,
          "keyName": "primary",
          "primary": true,
          "type": undefined,
          "unique": true,
        },
      ],
      "name": "user",
      "schema": undefined,
    },
    {
      "checks": [],
      "columns": {
        "expires": {
          "autoincrement": false,
          "comment": undefined,
          "default": undefined,
          "enumItems": undefined,
          "extra": undefined,
          "ignoreSchemaChanges": undefined,
          "length": 0,
          "mappedType": "datetime",
          "name": "expires",
          "nullable": false,
          "precision": undefined,
          "primary": false,
          "scale": undefined,
          "type": "datetime",
          "unsigned": false,
        },
        "id": {
          "autoincrement": false,
          "comment": undefined,
          "default": undefined,
          "enumItems": undefined,
          "extra": undefined,
          "ignoreSchemaChanges": undefined,
          "length": undefined,
          "mappedType": "text",
          "name": "id",
          "nullable": false,
          "precision": undefined,
          "primary": false,
          "scale": undefined,
          "type": "text",
          "unsigned": false,
        },
        "session_token": {
          "autoincrement": false,
          "comment": undefined,
          "default": undefined,
          "enumItems": undefined,
          "extra": undefined,
          "ignoreSchemaChanges": undefined,
          "length": undefined,
          "mappedType": "text",
          "name": "session_token",
          "nullable": false,
          "precision": undefined,
          "primary": false,
          "scale": undefined,
          "type": "text",
          "unsigned": false,
        },
        "user_id": {
          "autoincrement": false,
          "comment": undefined,
          "default": undefined,
          "enumItems": undefined,
          "extra": undefined,
          "ignoreSchemaChanges": undefined,
          "length": undefined,
          "mappedType": "text",
          "name": "user_id",
          "nullable": false,
          "precision": undefined,
          "primary": false,
          "scale": undefined,
          "type": "text",
          "unsigned": false,
        },
      },
      "comment": undefined,
      "foreignKeys": {
        "session_user_id_foreign": {
          "columnNames": [
            "user_id",
          ],
          "constraintName": "session_user_id_foreign",
          "deleteRule": "cascade",
          "localTableName": "session",
          "referencedColumnNames": [
            "id",
          ],
          "referencedTableName": "user",
          "updateRule": "cascade",
        },
      },
      "indexes": [
        {
          "columnNames": [
            "user_id",
          ],
          "composite": false,
          "keyName": "session_user_id_index",
          "primary": false,
          "unique": false,
        },
        {
          "columnNames": [
            "session_token",
          ],
          "composite": false,
          "keyName": "session_session_token_unique",
          "primary": false,
          "unique": true,
        },
        {
          "columnNames": [
            "id",
          ],
          "composite": false,
          "expression": undefined,
          "keyName": "primary",
          "primary": true,
          "type": undefined,
          "unique": true,
        },
      ],
      "name": "session",
      "schema": undefined,
    },
    {
      "checks": [],
      "columns": {
        "access_token": {
          "autoincrement": false,
          "comment": undefined,
          "default": undefined,
          "enumItems": undefined,
          "extra": undefined,
          "ignoreSchemaChanges": undefined,
          "length": undefined,
          "mappedType": "text",
          "name": "access_token",
          "nullable": true,
          "precision": undefined,
          "primary": false,
          "scale": undefined,
          "type": "text",
          "unsigned": false,
        },
        "expires_at": {
          "autoincrement": false,
          "comment": undefined,
          "default": undefined,
          "enumItems": undefined,
          "extra": undefined,
          "ignoreSchemaChanges": undefined,
          "length": undefined,
          "mappedType": "integer",
          "name": "expires_at",
          "nullable": true,
          "precision": undefined,
          "primary": false,
          "scale": undefined,
          "type": "integer",
          "unsigned": false,
        },
        "id": {
          "autoincrement": false,
          "comment": undefined,
          "default": undefined,
          "enumItems": undefined,
          "extra": undefined,
          "ignoreSchemaChanges": undefined,
          "length": undefined,
          "mappedType": "text",
          "name": "id",
          "nullable": false,
          "precision": undefined,
          "primary": false,
          "scale": undefined,
          "type": "text",
          "unsigned": false,
        },
        "id_token": {
          "autoincrement": false,
          "comment": undefined,
          "default": undefined,
          "enumItems": undefined,
          "extra": undefined,
          "ignoreSchemaChanges": undefined,
          "length": undefined,
          "mappedType": "text",
          "name": "id_token",
          "nullable": true,
          "precision": undefined,
          "primary": false,
          "scale": undefined,
          "type": "text",
          "unsigned": false,
        },
        "provider": {
          "autoincrement": false,
          "comment": undefined,
          "default": undefined,
          "enumItems": undefined,
          "extra": undefined,
          "ignoreSchemaChanges": undefined,
          "length": undefined,
          "mappedType": "text",
          "name": "provider",
          "nullable": false,
          "precision": undefined,
          "primary": false,
          "scale": undefined,
          "type": "text",
          "unsigned": false,
        },
        "provider_account_id": {
          "autoincrement": false,
          "comment": undefined,
          "default": undefined,
          "enumItems": undefined,
          "extra": undefined,
          "ignoreSchemaChanges": undefined,
          "length": undefined,
          "mappedType": "text",
          "name": "provider_account_id",
          "nullable": false,
          "precision": undefined,
          "primary": false,
          "scale": undefined,
          "type": "text",
          "unsigned": false,
        },
        "refresh_token": {
          "autoincrement": false,
          "comment": undefined,
          "default": undefined,
          "enumItems": undefined,
          "extra": undefined,
          "ignoreSchemaChanges": undefined,
          "length": undefined,
          "mappedType": "text",
          "name": "refresh_token",
          "nullable": true,
          "precision": undefined,
          "primary": false,
          "scale": undefined,
          "type": "text",
          "unsigned": false,
        },
        "scope": {
          "autoincrement": false,
          "comment": undefined,
          "default": undefined,
          "enumItems": undefined,
          "extra": undefined,
          "ignoreSchemaChanges": undefined,
          "length": undefined,
          "mappedType": "text",
          "name": "scope",
          "nullable": true,
          "precision": undefined,
          "primary": false,
          "scale": undefined,
          "type": "text",
          "unsigned": false,
        },
        "session_state": {
          "autoincrement": false,
          "comment": undefined,
          "default": undefined,
          "enumItems": undefined,
          "extra": undefined,
          "ignoreSchemaChanges": undefined,
          "length": undefined,
          "mappedType": "text",
          "name": "session_state",
          "nullable": true,
          "precision": undefined,
          "primary": false,
          "scale": undefined,
          "type": "text",
          "unsigned": false,
        },
        "token_type": {
          "autoincrement": false,
          "comment": undefined,
          "default": undefined,
          "enumItems": undefined,
          "extra": undefined,
          "ignoreSchemaChanges": undefined,
          "length": undefined,
          "mappedType": "text",
          "name": "token_type",
          "nullable": true,
          "precision": undefined,
          "primary": false,
          "scale": undefined,
          "type": "text",
          "unsigned": false,
        },
        "type": {
          "autoincrement": false,
          "comment": undefined,
          "default": undefined,
          "enumItems": undefined,
          "extra": undefined,
          "ignoreSchemaChanges": undefined,
          "length": undefined,
          "mappedType": "text",
          "name": "type",
          "nullable": false,
          "precision": undefined,
          "primary": false,
          "scale": undefined,
          "type": "text",
          "unsigned": false,
        },
        "user_id": {
          "autoincrement": false,
          "comment": undefined,
          "default": undefined,
          "enumItems": undefined,
          "extra": undefined,
          "ignoreSchemaChanges": undefined,
          "length": undefined,
          "mappedType": "text",
          "name": "user_id",
          "nullable": false,
          "precision": undefined,
          "primary": false,
          "scale": undefined,
          "type": "text",
          "unsigned": false,
        },
      },
      "comment": undefined,
      "foreignKeys": {
        "account_user_id_foreign": {
          "columnNames": [
            "user_id",
          ],
          "constraintName": "account_user_id_foreign",
          "deleteRule": "cascade",
          "localTableName": "account",
          "referencedColumnNames": [
            "id",
          ],
          "referencedTableName": "user",
          "updateRule": "cascade",
        },
      },
      "indexes": [
        {
          "columnNames": [
            "user_id",
          ],
          "composite": false,
          "keyName": "account_user_id_index",
          "primary": false,
          "unique": false,
        },
        {
          "columnNames": [
            "provider",
            "provider_account_id",
          ],
          "composite": true,
          "expression": undefined,
          "keyName": "account_provider_provider_account_id_unique",
          "primary": false,
          "type": undefined,
          "unique": true,
        },
        {
          "columnNames": [
            "id",
          ],
          "composite": false,
          "expression": undefined,
          "keyName": "primary",
          "primary": true,
          "type": undefined,
          "unique": true,
        },
      ],
      "name": "account",
      "schema": undefined,
    },
    {
      "checks": [],
      "columns": {
        "expires": {
          "autoincrement": false,
          "comment": undefined,
          "default": undefined,
          "enumItems": undefined,
          "extra": undefined,
          "ignoreSchemaChanges": undefined,
          "length": 0,
          "mappedType": "datetime",
          "name": "expires",
          "nullable": false,
          "precision": undefined,
          "primary": false,
          "scale": undefined,
          "type": "datetime",
          "unsigned": false,
        },
        "identifier": {
          "autoincrement": false,
          "comment": undefined,
          "default": undefined,
          "enumItems": undefined,
          "extra": undefined,
          "ignoreSchemaChanges": undefined,
          "length": undefined,
          "mappedType": "text",
          "name": "identifier",
          "nullable": false,
          "precision": undefined,
          "primary": false,
          "scale": undefined,
          "type": "text",
          "unsigned": false,
        },
        "token": {
          "autoincrement": false,
          "comment": undefined,
          "default": undefined,
          "enumItems": undefined,
          "extra": undefined,
          "ignoreSchemaChanges": undefined,
          "length": undefined,
          "mappedType": "text",
          "name": "token",
          "nullable": false,
          "precision": undefined,
          "primary": false,
          "scale": undefined,
          "type": "text",
          "unsigned": false,
        },
      },
      "comment": undefined,
      "foreignKeys": {},
      "indexes": [
        {
          "columnNames": [
            "token",
            "identifier",
          ],
          "composite": true,
          "expression": undefined,
          "keyName": "verification_token_token_identifier_unique",
          "primary": false,
          "type": undefined,
          "unique": true,
        },
        {
          "columnNames": [
            "token",
          ],
          "composite": false,
          "expression": undefined,
          "keyName": "primary",
          "primary": true,
          "type": undefined,
          "unique": true,
        },
      ],
      "name": "verification_token",
      "schema": undefined,
    },
  ],
}
`;
